assertion\
	 - Status: FAILURE\
	 - Description: "*ptr < 100"

assertion\
	 - Status: FAILURE\
	 - Description: "*ptr < 100"

assertion\
	 - Status: FAILURE\
	 - Description: "*ptr == 1"

Summary:
Verification failed for - should_fail::prove_add_one
Verification failed for - should_fail::prove_add_three
